C:\Users\Dell\Downloads\Employee-Management-System-main\Employee-Management-System-main\src\main\java\com\ems\controller\AttendanceController.java
C:\Users\Dell\Downloads\Employee-Management-System-main\Employee-Management-System-main\src\main\java\com\ems\service\impl\UserServiceImpl.java
C:\Users\Dell\Downloads\Employee-Management-System-main\Employee-Management-System-main\src\main\java\com\ems\repository\AuditLogRepository.java
C:\Users\Dell\Downloads\Employee-Management-System-main\Employee-Management-System-main\src\main\java\com\ems\repository\LeaveRequestRepository.java
C:\Users\Dell\Downloads\Employee-Management-System-main\Employee-Management-System-main\src\main\java\com\ems\service\DepartmentService.java
C:\Users\Dell\Downloads\Employee-Management-System-main\Employee-Management-System-main\src\main\java\com\ems\dto\AttendanceDTO.java
C:\Users\Dell\Downloads\Employee-Management-System-main\Employee-Management-System-main\src\main\java\com\ems\service\SalaryService.java
C:\Users\Dell\Downloads\Employee-Management-System-main\Employee-Management-System-main\src\main\java\com\ems\config\DataInitializer.java
C:\Users\Dell\Downloads\Employee-Management-System-main\Employee-Management-System-main\src\main\java\com\ems\dto\EmployeeDTO.java
C:\Users\Dell\Downloads\Employee-Management-System-main\Employee-Management-System-main\src\main\java\com\ems\entity\Attendance.java
C:\Users\Dell\Downloads\Employee-Management-System-main\Employee-Management-System-main\src\main\java\com\ems\exception\SalaryNotFoundException.java
C:\Users\Dell\Downloads\Employee-Management-System-main\Employee-Management-System-main\src\main\java\com\ems\entity\Employee.java
C:\Users\Dell\Downloads\Employee-Management-System-main\Employee-Management-System-main\src\main\java\com\ems\controller\DashboardController.java
C:\Users\Dell\Downloads\Employee-Management-System-main\Employee-Management-System-main\src\main\java\com\ems\service\impl\AuditLogServiceImpl.java
C:\Users\Dell\Downloads\Employee-Management-System-main\Employee-Management-System-main\src\main\java\com\ems\security\CustomUserDetailsService.java
C:\Users\Dell\Downloads\Employee-Management-System-main\Employee-Management-System-main\src\main\java\com\ems\service\impl\LeaveServiceImpl.java
C:\Users\Dell\Downloads\Employee-Management-System-main\Employee-Management-System-main\src\main\java\com\ems\service\impl\EmployeeServiceImpl.java
C:\Users\Dell\Downloads\Employee-Management-System-main\Employee-Management-System-main\src\main\java\com\ems\controller\AdminController.java
C:\Users\Dell\Downloads\Employee-Management-System-main\Employee-Management-System-main\src\main\java\com\ems\entity\LeaveRequest.java
C:\Users\Dell\Downloads\Employee-Management-System-main\Employee-Management-System-main\src\main\java\com\ems\security\CustomAuthenticationSuccessHandler.java
C:\Users\Dell\Downloads\Employee-Management-System-main\Employee-Management-System-main\src\main\java\com\ems\entity\Department.java
C:\Users\Dell\Downloads\Employee-Management-System-main\Employee-Management-System-main\src\main\java\com\ems\service\LeaveService.java
C:\Users\Dell\Downloads\Employee-Management-System-main\Employee-Management-System-main\src\main\java\com\ems\service\EmployeeService.java
C:\Users\Dell\Downloads\Employee-Management-System-main\Employee-Management-System-main\src\main\java\com\ems\repository\NotificationRepository.java
C:\Users\Dell\Downloads\Employee-Management-System-main\Employee-Management-System-main\src\main\java\com\ems\entity\User.java
C:\Users\Dell\Downloads\Employee-Management-System-main\Employee-Management-System-main\src\main\java\com\ems\repository\SalaryRepository.java
C:\Users\Dell\Downloads\Employee-Management-System-main\Employee-Management-System-main\src\main\java\com\ems\exception\ValidationException.java
C:\Users\Dell\Downloads\Employee-Management-System-main\Employee-Management-System-main\src\main\java\com\ems\security\CustomUserDetails.java
C:\Users\Dell\Downloads\Employee-Management-System-main\Employee-Management-System-main\src\main\java\com\ems\controller\LoginController.java
C:\Users\Dell\Downloads\Employee-Management-System-main\Employee-Management-System-main\src\main\java\com\ems\service\impl\EmailServiceImpl.java
C:\Users\Dell\Downloads\Employee-Management-System-main\Employee-Management-System-main\src\main\java\com\ems\security\SecurityConfig.java
C:\Users\Dell\Downloads\Employee-Management-System-main\Employee-Management-System-main\src\main\java\com\ems\entity\Role.java
C:\Users\Dell\Downloads\Employee-Management-System-main\Employee-Management-System-main\src\main\java\com\ems\repository\DepartmentRepository.java
C:\Users\Dell\Downloads\Employee-Management-System-main\Employee-Management-System-main\src\main\java\com\ems\service\impl\AttendanceServiceImpl.java
C:\Users\Dell\Downloads\Employee-Management-System-main\Employee-Management-System-main\src\main\java\com\ems\controller\SalaryController.java
C:\Users\Dell\Downloads\Employee-Management-System-main\Employee-Management-System-main\src\main\java\com\ems\controller\EmployeeController.java
C:\Users\Dell\Downloads\Employee-Management-System-main\Employee-Management-System-main\src\main\java\com\ems\controller\HomeController.java
C:\Users\Dell\Downloads\Employee-Management-System-main\Employee-Management-System-main\src\main\java\com\ems\repository\AttendanceRepository.java
C:\Users\Dell\Downloads\Employee-Management-System-main\Employee-Management-System-main\src\main\java\com\ems\repository\EmployeeRepository.java
C:\Users\Dell\Downloads\Employee-Management-System-main\Employee-Management-System-main\src\main\java\com\ems\exception\ResourceNotFoundException.java
C:\Users\Dell\Downloads\Employee-Management-System-main\Employee-Management-System-main\src\main\java\com\ems\service\impl\SalaryServiceImpl.java
C:\Users\Dell\Downloads\Employee-Management-System-main\Employee-Management-System-main\src\main\java\com\ems\constants\PaymentStatus.java
C:\Users\Dell\Downloads\Employee-Management-System-main\Employee-Management-System-main\src\main\java\com\ems\exception\DepartmentNotFoundException.java
C:\Users\Dell\Downloads\Employee-Management-System-main\Employee-Management-System-main\src\main\java\com\ems\service\RoleService.java
C:\Users\Dell\Downloads\Employee-Management-System-main\Employee-Management-System-main\src\main\java\com\ems\constants\LeaveStatus.java
C:\Users\Dell\Downloads\Employee-Management-System-main\Employee-Management-System-main\src\main\java\com\ems\dto\ReportFilterDTO.java
C:\Users\Dell\Downloads\Employee-Management-System-main\Employee-Management-System-main\src\main\java\com\ems\service\ReportService.java
C:\Users\Dell\Downloads\Employee-Management-System-main\Employee-Management-System-main\src\main\java\com\ems\entity\AuditLog.java
C:\Users\Dell\Downloads\Employee-Management-System-main\Employee-Management-System-main\src\main\java\com\ems\controller\LeaveController.java
C:\Users\Dell\Downloads\Employee-Management-System-main\Employee-Management-System-main\src\main\java\com\ems\controller\ProfileController.java
C:\Users\Dell\Downloads\Employee-Management-System-main\Employee-Management-System-main\src\main\java\com\ems\constants\NotificationType.java
C:\Users\Dell\Downloads\Employee-Management-System-main\Employee-Management-System-main\src\main\java\com\ems\dto\ChangePasswordDTO.java
C:\Users\Dell\Downloads\Employee-Management-System-main\Employee-Management-System-main\src\main\java\com\ems\service\UserService.java
C:\Users\Dell\Downloads\Employee-Management-System-main\Employee-Management-System-main\src\main\java\com\ems\exception\GlobalExceptionHandler.java
C:\Users\Dell\Downloads\Employee-Management-System-main\Employee-Management-System-main\src\main\java\com\ems\constants\LeaveType.java
C:\Users\Dell\Downloads\Employee-Management-System-main\Employee-Management-System-main\src\main\java\com\ems\exception\EmployeeNotFoundException.java
C:\Users\Dell\Downloads\Employee-Management-System-main\Employee-Management-System-main\src\main\java\com\ems\dto\DepartmentDTO.java
C:\Users\Dell\Downloads\Employee-Management-System-main\Employee-Management-System-main\src\main\java\com\ems\service\impl\ReportServiceImpl.java
C:\Users\Dell\Downloads\Employee-Management-System-main\Employee-Management-System-main\src\main\java\com\ems\constants\EmploymentStatus.java
C:\Users\Dell\Downloads\Employee-Management-System-main\Employee-Management-System-main\src\main\java\com\ems\service\impl\RoleServiceImpl.java
C:\Users\Dell\Downloads\Employee-Management-System-main\Employee-Management-System-main\src\main\java\com\ems\dto\UserRegistrationDTO.java
C:\Users\Dell\Downloads\Employee-Management-System-main\Employee-Management-System-main\src\main\java\com\ems\entity\Permission.java
C:\Users\Dell\Downloads\Employee-Management-System-main\Employee-Management-System-main\src\main\java\com\ems\EmployeeManagementSystemApplication.java
C:\Users\Dell\Downloads\Employee-Management-System-main\Employee-Management-System-main\src\main\java\com\ems\repository\PermissionRepository.java
C:\Users\Dell\Downloads\Employee-Management-System-main\Employee-Management-System-main\src\main\java\com\ems\repository\UserRepository.java
C:\Users\Dell\Downloads\Employee-Management-System-main\Employee-Management-System-main\src\main\java\com\ems\service\AuditLogService.java
C:\Users\Dell\Downloads\Employee-Management-System-main\Employee-Management-System-main\src\main\java\com\ems\entity\Salary.java
C:\Users\Dell\Downloads\Employee-Management-System-main\Employee-Management-System-main\src\main\java\com\ems\dto\DashboardStatsDTO.java
C:\Users\Dell\Downloads\Employee-Management-System-main\Employee-Management-System-main\src\main\java\com\ems\security\CustomAuthenticationFailureHandler.java
C:\Users\Dell\Downloads\Employee-Management-System-main\Employee-Management-System-main\src\main\java\com\ems\service\EmailService.java
C:\Users\Dell\Downloads\Employee-Management-System-main\Employee-Management-System-main\src\main\java\com\ems\service\impl\DepartmentServiceImpl.java
C:\Users\Dell\Downloads\Employee-Management-System-main\Employee-Management-System-main\src\main\java\com\ems\controller\RoleController.java
C:\Users\Dell\Downloads\Employee-Management-System-main\Employee-Management-System-main\src\main\java\com\ems\controller\DepartmentController.java
C:\Users\Dell\Downloads\Employee-Management-System-main\Employee-Management-System-main\src\main\java\com\ems\controller\ReportController.java
C:\Users\Dell\Downloads\Employee-Management-System-main\Employee-Management-System-main\src\main\java\com\ems\dto\RoleDTO.java
C:\Users\Dell\Downloads\Employee-Management-System-main\Employee-Management-System-main\src\main\java\com\ems\constants\AttendanceStatus.java
C:\Users\Dell\Downloads\Employee-Management-System-main\Employee-Management-System-main\src\main\java\com\ems\entity\Notification.java
C:\Users\Dell\Downloads\Employee-Management-System-main\Employee-Management-System-main\src\main\java\com\ems\exception\AttendanceNotFoundException.java
C:\Users\Dell\Downloads\Employee-Management-System-main\Employee-Management-System-main\src\main\java\com\ems\dto\SalaryDTO.java
C:\Users\Dell\Downloads\Employee-Management-System-main\Employee-Management-System-main\src\main\java\com\ems\repository\RoleRepository.java
C:\Users\Dell\Downloads\Employee-Management-System-main\Employee-Management-System-main\src\main\java\com\ems\dto\LeaveRequestDTO.java
C:\Users\Dell\Downloads\Employee-Management-System-main\Employee-Management-System-main\src\main\java\com\ems\service\AttendanceService.java
